// Jest Snapshot v1, https://goo.gl/fbAQLP

exports[`CartItem Component renders correctly 1`] = `
<div
  className="cart-item-container"
>
  <div
    className="checkout-item-wrapper"
  >
    <p
      className="item-name"
    >
      mamador
    </p>
    <span
      className="order"
    >
      <button
        className="inc"
        disabled={true}
        onClick={[Function]}
        type="button"
      >
        -
      </button>
      <input
        className="quantity"
        disabled={false}
        name="orderQuantity"
        onBlur={[Function]}
        onChange={[Function]}
        type="number"
        value={1}
      />
      <button
        className="dec"
        disabled={false}
        onClick={[Function]}
        type="button"
      >
        +
      </button>
    </span>
    <span
      className="price"
    >
      ₦
      3750
    </span>
    <span
      className="remove"
      onClick={[Function]}
      role="button"
      tabIndex="0"
    >
      ×
    </span>
  </div>
  <div
    className="checkout-status success"
  >
    <p>
      Your item order has been processed
       
    </p>
  </div>
</div>
`;
